// Jest Snapshot v1, https://goo.gl/fbAQLP

exports[`Component BootCampRoleSignup should remain consistent if no change was intended 1`] = `
<div
  className="bootcamp-graduate-signup-container"
>
  <div
    className="MuiPaper-root-1 MuiPaper-elevation24-27 MuiPaper-rounded-2 bootcamp-graduate-signup-box"
  >
    <h1>
      Bootcamp Graduate Signup
    </h1>
    <div
      className="bootcamp-graduate-signup-fields"
    >
      <form
        onSubmit={[Function]}
      >
        <div
          className="MuiFormGroup-root-28"
        >
          <div
            aria-describedby={undefined}
            className="MuiFormControl-root-30 MuiFormControl-fullWidth-33"
            onBlur={[Function]}
            onFocus={[Function]}
          >
            <div
              className="MuiInput-root-34 MuiInput-fullWidth-41 MuiInput-formControl-35 MuiInput-underline-38"
            >
              <input
                aria-invalid={false}
                aria-required={true}
                autoComplete={undefined}
                autoFocus={true}
                className="MuiInput-input-42"
                defaultValue={undefined}
                disabled={false}
                id={undefined}
                name={undefined}
                onBlur={[Function]}
                onChange={[Function]}
                onFocus={[Function]}
                onKeyDown={undefined}
                onKeyUp={undefined}
                placeholder="Enter your code"
                readOnly={undefined}
                required={true}
                rows={undefined}
                type="text"
                value={undefined}
              />
            </div>
          </div>
          <button
            className="continue-button"
            disabled={true}
            onSubmit={[Function]}
          >
            Continue
          </button>
        </div>
      </form>
    </div>
  </div>
</div>
`;
