// Jest Snapshot v1, https://goo.gl/fbAQLP

exports[`Component AlreadySignedIn should remain consistent if no change was intended 1`] = `
<div
  className="already-signed-in-container"
>
  <div
    className="MuiPaper-root-1 MuiPaper-elevation24-27 MuiPaper-rounded-2 already-signed-in-box"
  >
    <h1
      className="header"
    >
      You are already signed in
    </h1>
    <button
      className="continue-to-dashboard-button"
    >
      <Link
        className="continue-to-dashboard-link"
        to="/verify-role"
      >
        Continue to Dashboard
      </Link>
    </button>
  </div>
  <Link
    className="sign-out-link"
    onClick={[Function]}
    to="/sign-in"
  >
    Sign Out Instead
  </Link>
</div>
`;
